No pubspec.yaml file found - run this command in your project folder.
